1 http://www.cs.utexas.edu/users/rvdg/workshop.html
2 http://www.cs.utexas.edu/users/rvdg/
3 http://www.utexas.edu
4 http://www.ticam.utexas.edu
5 http://www.cs.utexas.edu/users/kornerup/cs105/pohl_examples
6 http://www.cs.utexas.edu/users/kornerup/cs105/
7 http://www.cs.utexas.edu/users/hqliu/myself.html
8 http://www.cs.utexas.edu/users/hqliu/
9 http://www.cs.utexas.edu/
10 http://www.cs.utexas.edu/users/oops/
11 http://www.cs.utexas.edu/users/esteban/interests.html
12 http://www.cs.utexas.edu/users/wilson/
13 http://www.cs.utexas.edu/users/markj/
14 http://www.cs.utexas.edu/users/sfkaplan/
15 http://www.cs.utexas.edu/users/svkakkad/
16 http://www.cs.utexas.edu/users/wilson/cs345.html
17 http://www.cs.utexas.edu/docs/research.html
18 http://www.cs.utexas.edu/users/esteban/
19 ftp://ftp.cs.utexas.edu/pub/garbage/cs345/schintro-v11/schintro_toc.html
20 ftp://ftp.cs.utexas.edu/pub/garbage/texas/
21 ftp://ftp.cs.utexas.edu/pub/garbage/GC91
22 ftp://ftp.cs.utexas.edu/pub/garbage/GC93
23 ftp://ftp.cs.utexas.edu/pub/garbage
24 http://www.cs.utexas.edu/users/oops/papers.html
25 http://www.cs.utexas.edu/users/zhuqing/
26 http://www.cs.utexas.edu/users/gajit/
27 http://www.cs.utexas.edu/users/zhuqing/beijing.html
28 http://www.cs.utexas.edu/docs/grad.html
29 http://www.cs.utexas.edu/users/zhuqing/resume.html
30 http://www.cs.utexas.edu/users/zhuqing/china.html
31 http://www.cs.utexas.edu/users/zhuqing/austin.html
32 http://www.cs.utexas.edu/users/zhuqing/test.html
33 http://www.cs.utexas.edu/users/zhuqing/bro2.html
34 http://www.cs.utexas.edu/users/zhuqing/dancing.html
35 http://rhine.ece.utexas.edu/~stephenc/autocounter.html
36 http://www.cs.utexas.edu/users/zhuqing/danc1.html
37 http://www.cs.utexas.edu/users/zhuqing/test1.html
38 http://www.cs.utexas.edu/users/zhuqing/bro1.html
39 http://www.cs.utexas.edu/users/zhuqing/internet.html
40 http://www.cs.utexas.edu/users/ejp/papers.html
41 http://www.cs.utexas.edu/users/ejp/
42 http://wwwhost.cc.utexas.edu/search/
43 http://wwwhost.cc.utexas.edu/academic/
44 http://wwwhost.cc.utexas.edu/administrative/
45 http://www.cs.utexas.edu/users/skumar/
46 http://wwwhost.cc.utexas.edu/research/
47 http://wwwhost.cc.utexas.edu/new/
48 http://wwwhost.cc.utexas.edu/world/
49 http://www.cs.utexas.edu/docs/university.html
50 http://www.cs.utexas.edu/docs/webinfo.html
51 http://www.cs.utexas.edu/users/mwbarnes/GoodPages.html
52 http://wwwhost.cc.utexas.edu/computer/
53 http://www.lib.utexas.edu/
54 http://www.utexas.edu/teamweb
55 http://www.cs.utexas.edu/users/emmawu/
56 http://www.cs.utexas.edu/users/joshi/cs380d-main.html
57 http://www.cs.utexas.edu/users/novak/cs395t.html
58 http://www.utexas.edu/world/univ/
59 http://uts.cc.utexas.edu/~mis382/index.html
60 http://www.cs.utexas.edu/users/madhukar/
61 http://www.cs.utexas.edu/users/vlr/sac.html
62 http://www.utexas.edu/austin/
