1 http://www.cs.utexas.edu/users/novak/cs306asg11.html
2 http://www.cs.utexas.edu/users/novak/cs304p.html
3 ftp://ftp.cs.utexas.edu/pub/code2/XCodelib
4 http://www.cs.utexas.edu/users/code/
5 http://ccwf.cc.utexas.edu/~ignasi/gandia.html
6 http://www.cs.utexas.edu/users/cpg/
7 http://www.cs.utexas.edu/users/kruegeri/
8 http://www.cs.utexas.edu/users/mwbarnes/GoodPages.html
9 http://www.cs.utexas.edu/users/psp/
10 http://www.utexas.edu/student/registrar/
11 http://www.utexas.edu
12 http://www.utexas.edu/student/registrar/schedules/spring/fr-contents.html
13 http://www.utexas.edu/student/registrar/cals.html
14 http://www.utexas.edu/student/registrar/aboutscheds.html
15 http://www.cs.utexas.edu/users/nimar/bookmarks.html
16 http://www.cs.utexas.edu/users/jyluo/
17 http://www.cs.utexas.edu/users/syu/
18 http://www.cs.utexas.edu/docs/university.html
19 http://www.cs.utexas.edu/users/shma/cac.html
20 http://www.cs.utexas.edu/docs/academics.html
21 http://www.cs.utexas.edu/users/cad/partition.html
22 http://www.cs.utexas.edu/users/cad/cad.html
23 http://www.cs.utexas.edu/users/kharker/pgp.html
24 http://www.cs.utexas.edu/users/kharker/cyberspace.html
25 http://www.cs.utexas.edu/users/kharker/
26 http://www.cs.utexas.edu/users/kharker/info.html
27 http://rhine.ece.utexas.edu/~stephenc/autocounter.html
28 http://www.cs.utexas.edu/users/zhuqing/
29 http://www.cs.utexas.edu/users/jadair/compound.html
30 http://www.cs.utexas.edu/users/jadair/
31 http://www.cs.utexas.edu/users/kharker/radio.html
32 http://www.cs.utexas.edu/users/kharker/academics.html
33 http://www.cs.utexas.edu/users/kharker/resume.html
34 http://www.cs.utexas.edu/users/kharker/vita.html
35 http://www.cs.utexas.edu/users/kharker/b5.html
36 http://www.cs.utexas.edu/docs/grad.html
37 http://www.cs.utexas.edu/users/kharker/rockets.html
38 http://www.cs.utexas.edu/users/kharker/work.html
39 http://www.cs.utexas.edu/users/kharker/fun.html
40 http://www.cs.utexas.edu/users/kharker/politics.html
41 http://www.cs.utexas.edu/users/kharker/linux.html
42 http://www.cs.utexas.edu/users/novak/cs375asg.html
43 http://www.cs.utexas.edu/users/novak/cs375.html
44 http://www.cs.utexas.edu/users/ssinha/
45 http://www.cs.utexas.edu/users/gooty/
46 http://www.cs.utexas.edu/users/ssinha/elec_pay.html
47 http://www.cs.utexas.edu/users/nn/pages/newsgroups/newsgroups.html
48 http://wwwhost.cc.utexas.edu/research/resources/index.html
49 http://wwwhost.cc.utexas.edu/research/
50 http://www.cs.utexas.edu/users/yuanjing/
51 http://www.cs.utexas.edu/users/mooney/
52 http://www.cs.utexas.edu/users/mooney/ml-course/welcome.html
53 http://www.cs.utexas.edu/users/rdb/cs195T/
54 http://www.cs.utexas.edu/users/ai-lab/
55 http://www.cs.utexas.edu/users/ulf/
56 http://www.cs.utexas.edu/users/nl-acq/
57 http://www.cs.utexas.edu/users/ml/
58 http://www.cs.utexas.edu/users/mooney/cs351/welcome.html
59 http://www.cs.utexas.edu/users/mooney/ai2/
60 http://www.cs.utexas.edu/users/ulf/additional.html
61 http://www.cs.utexas.edu/docs/prof.html
62 http://www.cs.utexas.edu/users/sawada/ACL2/acl2-doc.html
63 http://www.cs.utexas.edu/users/sawada/
64 http://www.cs.utexas.edu/users/pkn/ibm.html
65 http://www.cs.utexas.edu/users/pkn/
66 http://www.utexas.edu/teamweb
67 http://wwwhost.cc.utexas.edu/computer/
68 http://www.utexas.edu/maps/main/buildings/tay.html
69 http://www.utexas.edu/world/univ/
70 http://wwwhost.utexas.edu/maps/main/overview/
71 http://www.cs.utexas.edu/users/qiming/
72 http://wwwhost.cc.utexas.edu/new/
73 http://wwwhost.cc.utexas.edu/administrative/
74 http://wwwhost.cc.utexas.edu/world/
75 http://www.utexas.edu/general/
76 http://www.utexas.edu/search/ut/
77 http://www.utexas.edu/austin/
78 http://www.utexas.edu/texas/
79 http://wwwhost.cc.utexas.edu/academic/
80 http://wwwhost.cc.utexas.edu/search/
81 http://www.cs.utexas.edu/users/zhuqing/austin.html
82 http://www.cs.utexas.edu/users/dahlin/Classes/WebOS/
83 http://www.cs.utexas.edu/users/rtan/
84 http://www.cs.utexas.edu/users/dahlin/
85 http://www.cs.utexas.edu/docs/classes.html
86 http://www.cs.utexas.edu/users/markj/zentimer.html
87 http://www.cs.utexas.edu/users/markj/
88 http://wwwhost.cc.utexas.edu/texas/registered.html
89 http://www.cs.utexas.edu/users/almstrum/welcome.html
90 http://www.cs.utexas.edu/users/jthomas/
91 http://uts.cc.utexas.edu/~hellas/index.html
92 http://www.cs.utexas.edu/users/sammy/bdd/flow-graph.html
93 http://www.cs.utexas.edu/users/sammy/
94 http://www.cs.utexas.edu/users/dahlin/Classes/WebOS/reading.html
95 http://www.cs.utexas.edu/users/hqliu/internet.html
96 http://www.cs.utexas.edu/users/moriarty/moriarty-papers.html
97 http://www.cs.utexas.edu/users/moriarty/
98 http://www.cs.utexas.edu/users/novak/cs306asg01.html
99 http://www.cs.utexas.edu/users/ml/chillin.html
100 http://www.cs.utexas.edu/users/zhuqing/bro1.html
101 http://www.cs.utexas.edu/users/zhuqing/bro2.html
102 http://www.cs.utexas.edu/users/lorenzo/corsi/cs395t/96F/
103 http://www.cs.utexas.edu/users/lorenzo/
104 http://www.cs.utexas.edu/users/ykpei/cgi/go
105 http://wwwhost.cc.utexas.edu/research/prjadm/index.html
106 http://www.cs.utexas.edu/users/sfkaplan/pgp.html
107 http://www.cs.utexas.edu/users/sfkaplan/
108 http://www.cs.utexas.edu/users/novak/physics.html
109 http://www.cs.utexas.edu/users/novak/
110 http://www.cs.utexas.edu/users/mfkb/
111 http://www.cs.utexas.edu/docs/research.html
112 http://www.cs.utexas.edu/users/hewett/vita.html
113 http://www.cs.utexas.edu/users/hewett/
114 http://www.cs.utexas.edu/users/dionisis/
115 http://www.cs.utexas.edu/users/dionisis/mmd/index.html
116 http://www.cs.utexas.edu/users/dwip/
117 http://www.cs.utexas.edu/users/code/code-publications
118 http://www.cs.utexas.edu/users/dwip/cs304p/cs304p.html
119 http://www.cs.utexas.edu/users/dwip/cs304p/ta_offhrs.html
120 http://cism.bus.utexas.edu/course/barua/fall96/course.html
121 http://www.cs.utexas.edu/users/zhouxiao/
122 http://www.cs.utexas.edu/users/twang/friend_th.html
123 http://www.cs.utexas.edu/users/twang/
124 http://www.cs.utexas.edu/users/hewett/others.html
125 http://www.cs.utexas.edu/users/nn/pages/conferences/conferences.html
126 http://www.cs.utexas.edu/users/sammy/wwh/wwh.html
127 http://wwwhost.cc.utexas.edu/research/funding/sci.html
128 http://www.cs.utexas.edu/users/lavender/CS378/Fall96/programs/index.html
129 http://www.cs.utexas.edu/users/lavender/CS378/Fall96/announce.html
130 http://www.cs.utexas.edu/users/lavender/CS378/
131 http://www.arlut.utexas.edu/
132 http://www.cs.utexas.edu/users/ndale/interest.htm
133 http://www.cs.utexas.edu/users/ndale/
134 http://www.utexas.edu/students/lcm/
135 http://www.utexas.edu/student/orgs/
136 http://wwwhost.cc.utexas.edu/students/
137 http://www.cs.utexas.edu/users/sak/
138 http://www.cs.utexas.edu/users/sak/crec.html
139 http://www.cs.utexas.edu/users/rdb/cs372/
