1 http://www.cs.utexas.edu/users/estlin/
2 http://www.cs.utexas.edu/users/ml/ilp.html
3 http://www.cs.utexas.edu/users/ml/its.html
4 http://www.cs.utexas.edu/users/ml/forte.html
5 http://www.cs.utexas.edu/users/ml/foidl.html
6 http://www.cs.utexas.edu/users/unicron/directory.html
7 http://www.cs.utexas.edu/docs/grad.html
8 http://www.cs.utexas.edu/users/ml/abstracts.html
9 http://www.cs.utexas.edu/users/ml/speedup.html
10 http://www.cs.utexas.edu/users/ml/abduction.html
11 http://www.cs.utexas.edu/users/ml/
12 http://www.cs.utexas.edu/users/ml/nl.html
13 http://www.cs.utexas.edu/users/ml/theory-rev.html
14 http://www.cs.utexas.edu/users/ml/neither.html
15 http://www.cs.utexas.edu/users/ml/chillin.html
16 http://www.cs.utexas.edu/users/ml/dolphin.html
17 http://www.cs.utexas.edu/users/ml/ml-progs.html
18 http://www.cs.utexas.edu/users/ml/accel.html
19 http://www.cs.utexas.edu/users/ml/uncertain.html
20 http://www.cs.utexas.edu/users/ml/qr.html
21 http://www.cs.utexas.edu/users/estlin/pubs.html
22 http://www.ma.utexas.edu/users/bshults/ATP/bledsoe-studs.html
23 http://www.ma.utexas.edu/users/bshults/ATP/
24 http://www.ma.utexas.edu/users/bshults
25 http://www.cs.utexas.edu/users/pkn/ibm.html
26 http://www.cs.utexas.edu/users/pkn/
27 http://www.cs.utexas.edu/users/svkakkad/papers.html
28 http://www.cs.utexas.edu/users/svkakkad/
29 http://www.actlab.utexas.edu
30 http://www.cs.utexas.edu/users/chaput/
31 http://www.cs.utexas.edu/users/dastuart/places/
32 http://www.cs.utexas.edu/users/dastuart/
33 http://www.cs.utexas.edu/users/gregoryh/main.html
34 http://www.cs.utexas.edu/users/UTCS/calendar/
35 http://www.cs.utexas.edu/
36 http://www.cs.utexas.edu/users/dastuart/das.html
37 http://www.cs.utexas.edu/users/dastuart/fictiondir/
38 http://www.cs.utexas.edu/users/UTCS/facfaqs/
39 http://www.lib.utexas.edu/
40 http://www.cs.utexas.edu/users/lam/NRL/
41 http://www.cs.utexas.edu/users/lam/
42 http://www.cs.utexas.edu/users/ckwong/
43 http://www.cs.utexas.edu/docs/research.html
44 http://www.cs.utexas.edu/users/lam/NRL/video_services.html
45 http://www.cs.utexas.edu/users/lam/NRL/protocol_theory.html
46 http://www.cs.utexas.edu/users/lam/NRL/members.html
47 http://www.cs.utexas.edu/users/lam/NRL/ipatm.html
48 http://www.cs.utexas.edu/users/lam/NRL/network_security.html
49 http://www.cs.utexas.edu/users/shenoy/office.html
50 http://www.cs.utexas.edu/users/shenoy/
51 http://www.cs.utexas.edu/users/yufeng/professor.html
52 http://www.cs.utexas.edu/users/yufeng/cs378.html
53 http://www.cs.utexas.edu/users/vlr/f96.html
54 http://www.cs.utexas.edu/users/zhouxiao/
55 http://www.cs.utexas.edu/docs/classes.html
